[2026-05-12T18:43:21.643Z] [32minfo[39m: App running on http://localhost:8080
[2026-05-12T18:44:36.203Z] [32minfo[39m: Mongo target selected: LOCAL
[2026-05-12T18:44:36.246Z] [32minfo[39m: Conectado a MongoDB LOCAL
[2026-05-12T18:44:36.251Z] [32minfo[39m: App running on http://localhost:8080
[2026-05-12T18:45:38.455Z] [32minfo[39m: Initializing Passport JWT Strategy
[2026-05-12T18:45:38.458Z] [32minfo[39m: Mongo target selected: LOCAL
[2026-05-12T18:45:38.515Z] [32minfo[39m: Conectado a MongoDB LOCAL
[2026-05-12T18:45:38.519Z] [32minfo[39m: App running on http://localhost:8080
[2026-05-12T18:46:35.214Z] [32minfo[39m: Initializing Passport JWT Strategy
[2026-05-12T18:46:35.217Z] [32minfo[39m: Mongo target selected: LOCAL
[2026-05-12T18:46:35.246Z] [32minfo[39m: Conectado a MongoDB LOCAL
[2026-05-12T18:46:35.250Z] [32minfo[39m: App running on http://localhost:8080
[2026-05-12T18:47:17.601Z] [32minfo[39m: Initializing Passport JWT Strategy
[2026-05-12T18:47:17.604Z] [32minfo[39m: Mongo target selected: LOCAL
[2026-05-12T18:47:17.634Z] [32minfo[39m: Conectado a MongoDB LOCAL
[2026-05-12T18:47:17.638Z] [32minfo[39m: App running on http://localhost:8080
[2026-05-12T18:48:05.390Z] [32minfo[39m: Initializing Passport JWT Strategy
[2026-05-12T18:48:05.393Z] [32minfo[39m: Mongo target selected: LOCAL
[2026-05-12T18:48:05.459Z] [32minfo[39m: Conectado a MongoDB LOCAL
[2026-05-12T18:48:05.462Z] [32minfo[39m: App running on http://localhost:8080
[2026-05-12T18:49:20.075Z] [32minfo[39m: Initializing Passport JWT Strategy
[2026-05-12T18:49:20.078Z] [32minfo[39m: Mongo target selected: LOCAL
[2026-05-12T18:49:20.109Z] [32minfo[39m: Conectado a MongoDB LOCAL
[2026-05-12T18:49:20.113Z] [32minfo[39m: App running on http://localhost:8080
[2026-05-12T18:49:53.041Z] [32minfo[39m: Initializing Passport JWT Strategy
[2026-05-12T18:49:53.044Z] [32minfo[39m: Mongo target selected: LOCAL
[2026-05-12T18:49:53.115Z] [32minfo[39m: Conectado a MongoDB LOCAL
[2026-05-12T18:49:53.121Z] [32minfo[39m: App running on http://localhost:8080
[2026-05-12T18:51:16.064Z] [32minfo[39m: Initializing Passport JWT Strategy
[2026-05-12T18:51:16.067Z] [32minfo[39m: Mongo target selected: LOCAL
[2026-05-12T18:51:16.133Z] [32minfo[39m: Conectado a MongoDB LOCAL
[2026-05-12T18:51:16.136Z] [32minfo[39m: App running on http://localhost:8080
[2026-05-13T00:18:35.395Z] [32minfo[39m: Initializing Passport JWT Strategy
[2026-05-13T00:19:05.444Z] [31merror[39m: Could not connect to any servers in your MongoDB Atlas cluster. One common reason is that you're trying to access the database from an IP that isn't whitelisted. Make sure your current IP address is on your Atlas cluster's IP whitelist: https://www.mongodb.com/docs/atlas/security-whitelist/
[2026-05-13T00:31:59.828Z] [32minfo[39m: Initializing Passport JWT Strategy
[2026-05-13T00:31:59.830Z] [32minfo[39m: Mongo target selected: LOCAL
[2026-05-13T00:31:59.872Z] [32minfo[39m: Conectado a MongoDB LOCAL
[2026-05-13T00:31:59.879Z] [32minfo[39m: App running on http://localhost:8080
[2026-05-13T00:33:01.111Z] [32minfo[39m: Initializing Passport JWT Strategy
[2026-05-13T00:33:01.113Z] [32minfo[39m: Mongo target selected: ATLAS
[2026-05-13T00:33:01.307Z] [31merror[39m: Mongo ATLAS error: querySrv ENOTFOUND _mongodb._tcp.cluster0.usuraz5.mongodb.net
[2026-05-13T00:35:04.944Z] [32minfo[39m: Initializing Passport JWT Strategy
[2026-05-13T00:35:04.946Z] [32minfo[39m: Mongo target selected: LOCAL
[2026-05-13T00:35:04.974Z] [32minfo[39m: Conectado a MongoDB LOCAL
[2026-05-13T00:35:04.977Z] [32minfo[39m: App running on http://localhost:8080
[2026-05-13T00:36:01.468Z] [32minfo[39m: Initializing Passport JWT Strategy
[2026-05-13T00:36:01.570Z] [31merror[39m: ❌ Mongo error: querySrv ENOTFOUND _mongodb._tcp.cluster0.usuraz5.mongodb.net
[2026-05-13T00:38:48.827Z] [32minfo[39m: Initializing Passport JWT Strategy
[2026-05-13T00:38:49.053Z] [31merror[39m: ❌ Mongo error: querySrv ENOTFOUND _mongodb._tcp.cluster0.usuraz5.mongodb.net
[2026-05-13T00:40:14.321Z] [32minfo[39m: Initializing Passport JWT Strategy
[2026-05-13T00:40:37.575Z] [32minfo[39m: Initializing Passport JWT Strategy
[2026-05-13T00:41:07.626Z] [31merror[39m: ❌ Mongo error: Could not connect to any servers in your MongoDB Atlas cluster. One common reason is that you're trying to access the database from an IP that isn't whitelisted. Make sure your current IP address is on your Atlas cluster's IP whitelist: https://www.mongodb.com/docs/atlas/security-whitelist/
[2026-05-13T00:42:13.988Z] [32minfo[39m: Initializing Passport JWT Strategy
[2026-05-13T00:42:44.044Z] [31merror[39m: ❌ Mongo error: Could not connect to any servers in your MongoDB Atlas cluster. One common reason is that you're trying to access the database from an IP that isn't whitelisted. Make sure your current IP address is on your Atlas cluster's IP whitelist: https://www.mongodb.com/docs/atlas/security-whitelist/
[2026-05-13T00:43:00.265Z] [32minfo[39m: Initializing Passport JWT Strategy
[2026-05-13T00:43:30.317Z] [31merror[39m: ❌ Mongo error: Could not connect to any servers in your MongoDB Atlas cluster. One common reason is that you're trying to access the database from an IP that isn't whitelisted. Make sure your current IP address is on your Atlas cluster's IP whitelist: https://www.mongodb.com/docs/atlas/security-whitelist/
[2026-05-13T01:49:49.805Z] [32minfo[39m: Initializing Passport JWT Strategy
[2026-05-13T01:49:50.007Z] [31merror[39m: ❌ Mongo error: querySrv ENOTFOUND _mongodb._tcp.cluster0.usuraz5.mongodb.net
[2026-05-13T01:55:46.071Z] [32minfo[39m: Initializing Passport JWT Strategy
[2026-05-13T01:55:47.494Z] [31merror[39m: ❌ Mongo error: bad auth : authentication failed
[2026-05-13T02:00:36.717Z] [32minfo[39m: Initializing Passport JWT Strategy
[2026-05-13T02:00:38.303Z] [32minfo[39m: ✅ Conectado a MongoDB Atlas
[2026-05-13T02:00:38.321Z] [32minfo[39m: 🚀 Server running on port 8080
